// Jest Snapshot v1, https://goo.gl/fbAQLP

exports[`components / app / ImagesModal should match the snapshot 1`] = `<DocumentFragment />`;
